[2m12:21:11[22m [31m[1m[vite][22m[39m [31mInternal server error: Transform failed with 1 error:

[31m[PARSE_ERROR] [0mUnexpected token. Did you mean `{'>'}` or `&gt;`?
     [38;5;246m╭[0m[38;5;246m─[0m[38;5;246m[[0m src/App.jsx:538:42 [38;5;246m][0m
     [38;5;246m│[0m
 [38;5;246m538 │[0m [38;5;249m [0m[38;5;249m [0m[38;5;249m [0m[38;5;249m [0m[38;5;249m [0m[38;5;249m [0m[38;5;249m [0m[38;5;249m [0m[38;5;249m [0m[38;5;249m [0m[38;5;249m [0m[38;5;249m [0m[38;5;249m<[0m[38;5;249mh[0m[38;5;249m2[0m[38;5;249m>[0m[38;5;249mS[0m[38;5;249mi[0m[38;5;249mn[0m[38;5;249mc[0m[38;5;249mr[0m[38;5;249mo[0m[38;5;249mn[0m[38;5;249mi[0m[38;5;249mz[0m[38;5;249ma[0m[38;5;249mç[0m[38;5;249mã[0m[38;5;249mo[0m[38;5;249m [0m[38;5;249mE[0m[38;5;249mR[0m[38;5;249mP[0m[38;5;249m [0m[38;5;249mO[0m[38;5;249ml[0m[38;5;249mi[0m[38;5;249ms[0m[38;5;249mt[0m[38;5;249m [0m[38;5;249m-[0m[38;5;249m>[0m[38;5;249m [0m[38;5;249mS[0m[38;5;249mu[0m[38;5;249mp[0m[38;5;249ma[0m[38;5;249mb[0m[38;5;249ma[0m[38;5;249ms[0m[38;5;249me[0m[38;5;249m<[0m[38;5;249m/[0m[38;5;249mh[0m[38;5;249m2[0m[38;5;249m>[0m
 [38;5;240m    │[0m                                          │ 
 [38;5;240m    │[0m                                          ╰─ 
[38;5;246m─────╯[0m
[39m
  Plugin: [35mvite:oxc[39m
  File: [36mC:/GitHubLocal/Albertina/frontend/src/App.jsx[39m
      at transformWithOxc (file:///C:/GitHubLocal/Albertina/frontend/node_modules/vite/dist/node/chunks/node.js:3657:19)
      at TransformPluginContext.transform (file:///C:/GitHubLocal/Albertina/frontend/node_modules/vite/dist/node/chunks/node.js:3728:26)
      at EnvironmentPluginContainer.transform (file:///C:/GitHubLocal/Albertina/frontend/node_modules/vite/dist/node/chunks/node.js:29699:51)
      at async loadAndTransform (file:///C:/GitHubLocal/Albertina/frontend/node_modules/vite/dist/node/chunks/node.js:19725:26)
      at async viteTransformMiddleware (file:///C:/GitHubLocal/Albertina/frontend/node_modules/vite/dist/node/chunks/node.js:24149:20)
[2m12:21:23[22m [31m[1m[vite][22m[39m [31mInternal server error: Transform failed with 1 error:

[31m[PARSE_ERROR] [0mUnexpected token. Did you mean `{'>'}` or `&gt;`?
     [38;5;246m╭[0m[38;5;246m─[0m[38;5;246m[[0m src/App.jsx:538:42 [38;5;246m][0m
     [38;5;246m│[0m
 [38;5;246m538 │[0m [38;5;249m [0m[38;5;249m [0m[38;5;249m [0m[38;5;249m [0m[38;5;249m [0m[38;5;249m [0m[38;5;249m [0m[38;5;249m [0m[38;5;249m [0m[38;5;249m [0m[38;5;249m [0m[38;5;249m [0m[38;5;249m<[0m[38;5;249mh[0m[38;5;249m2[0m[38;5;249m>[0m[38;5;249mS[0m[38;5;249mi[0m[38;5;249mn[0m[38;5;249mc[0m[38;5;249mr[0m[38;5;249mo[0m[38;5;249mn[0m[38;5;249mi[0m[38;5;249mz[0m[38;5;249ma[0m[38;5;249mç[0m[38;5;249mã[0m[38;5;249mo[0m[38;5;249m [0m[38;5;249mE[0m[38;5;249mR[0m[38;5;249mP[0m[38;5;249m [0m[38;5;249mO[0m[38;5;249ml[0m[38;5;249mi[0m[38;5;249ms[0m[38;5;249mt[0m[38;5;249m [0m[38;5;249m-[0m[38;5;249m>[0m[38;5;249m [0m[38;5;249mS[0m[38;5;249mu[0m[38;5;249mp[0m[38;5;249ma[0m[38;5;249mb[0m[38;5;249ma[0m[38;5;249ms[0m[38;5;249me[0m[38;5;249m<[0m[38;5;249m/[0m[38;5;249mh[0m[38;5;249m2[0m[38;5;249m>[0m
 [38;5;240m    │[0m                                          │ 
 [38;5;240m    │[0m                                          ╰─ 
[38;5;246m─────╯[0m
[39m
  Plugin: [35mvite:oxc[39m
  File: [36mC:/GitHubLocal/Albertina/frontend/src/App.jsx[39m
      at transformWithOxc (file:///C:/GitHubLocal/Albertina/frontend/node_modules/vite/dist/node/chunks/node.js:3657:19)
      at TransformPluginContext.transform (file:///C:/GitHubLocal/Albertina/frontend/node_modules/vite/dist/node/chunks/node.js:3728:26)
      at EnvironmentPluginContainer.transform (file:///C:/GitHubLocal/Albertina/frontend/node_modules/vite/dist/node/chunks/node.js:29699:51)
      at async loadAndTransform (file:///C:/GitHubLocal/Albertina/frontend/node_modules/vite/dist/node/chunks/node.js:19725:26)
      at async viteTransformMiddleware (file:///C:/GitHubLocal/Albertina/frontend/node_modules/vite/dist/node/chunks/node.js:24149:20)
[2m12:21:56[22m [31m[1m[vite][22m[39m [31mInternal server error: Transform failed with 1 error:

[31m[PARSE_ERROR] [0mUnexpected token. Did you mean `{'>'}` or `&gt;`?
     [38;5;246m╭[0m[38;5;246m─[0m[38;5;246m[[0m src/App.jsx:538:42 [38;5;246m][0m
     [38;5;246m│[0m
 [38;5;246m538 │[0m [38;5;249m [0m[38;5;249m [0m[38;5;249m [0m[38;5;249m [0m[38;5;249m [0m[38;5;249m [0m[38;5;249m [0m[38;5;249m [0m[38;5;249m [0m[38;5;249m [0m[38;5;249m [0m[38;5;249m [0m[38;5;249m<[0m[38;5;249mh[0m[38;5;249m2[0m[38;5;249m>[0m[38;5;249mS[0m[38;5;249mi[0m[38;5;249mn[0m[38;5;249mc[0m[38;5;249mr[0m[38;5;249mo[0m[38;5;249mn[0m[38;5;249mi[0m[38;5;249mz[0m[38;5;249ma[0m[38;5;249mç[0m[38;5;249mã[0m[38;5;249mo[0m[38;5;249m [0m[38;5;249mE[0m[38;5;249mR[0m[38;5;249mP[0m[38;5;249m [0m[38;5;249mO[0m[38;5;249ml[0m[38;5;249mi[0m[38;5;249ms[0m[38;5;249mt[0m[38;5;249m [0m[38;5;249m-[0m[38;5;249m>[0m[38;5;249m [0m[38;5;249mS[0m[38;5;249mu[0m[38;5;249mp[0m[38;5;249ma[0m[38;5;249mb[0m[38;5;249ma[0m[38;5;249ms[0m[38;5;249me[0m[38;5;249m<[0m[38;5;249m/[0m[38;5;249mh[0m[38;5;249m2[0m[38;5;249m>[0m
 [38;5;240m    │[0m                                          │ 
 [38;5;240m    │[0m                                          ╰─ 
[38;5;246m─────╯[0m
[39m
  Plugin: [35mvite:oxc[39m
  File: [36mC:/GitHubLocal/Albertina/frontend/src/App.jsx[39m
      at transformWithOxc (file:///C:/GitHubLocal/Albertina/frontend/node_modules/vite/dist/node/chunks/node.js:3657:19)
      at TransformPluginContext.transform (file:///C:/GitHubLocal/Albertina/frontend/node_modules/vite/dist/node/chunks/node.js:3728:26)
      at EnvironmentPluginContainer.transform (file:///C:/GitHubLocal/Albertina/frontend/node_modules/vite/dist/node/chunks/node.js:29699:51)
      at async loadAndTransform (file:///C:/GitHubLocal/Albertina/frontend/node_modules/vite/dist/node/chunks/node.js:19725:26)
      at async viteTransformMiddleware (file:///C:/GitHubLocal/Albertina/frontend/node_modules/vite/dist/node/chunks/node.js:24149:20)
