[26/06/2026  9:29:50,71] Script aberto.
[26/06/2026  9:29:54,47] Usuario consultou status.
[26/06/2026  9:29:59,78] Opcao invalida informada: 
[26/06/2026  9:30:02,35] Opcao invalida informada: 
[26/06/2026  9:30:05,71] Opcao invalida informada: 
[26/06/2026  9:30:08,62] Opcao invalida informada: 
[26/06/2026  9:30:11,60] Opcao invalida informada: 
[26/06/2026  9:30:14,26] Opcao invalida informada: 
[26/06/2026  9:30:17,91] Opcao invalida informada: 
[26/06/2026  9:30:21,15] Opcao invalida informada: 
[26/06/2026  9:30:23,89] Opcao invalida informada: 
[26/06/2026  9:30:26,66] Opcao invalida informada: 
[26/06/2026  9:30:29,45] Opcao invalida informada: 
[26/06/2026  9:30:32,35] Opcao invalida informada: 
[26/06/2026  9:30:35,05] Opcao invalida informada: 
[26/06/2026  9:30:37,82] Opcao invalida informada: 
[26/06/2026  9:30:41,20] Opcao invalida informada: 
[26/06/2026  9:30:44,04] Opcao invalida informada: 
[26/06/2026  9:30:46,75] Opcao invalida informada: 
[26/06/2026  9:30:49,59] Opcao invalida informada: 
[26/06/2026  9:30:52,42] Opcao invalida informada: 
[26/06/2026  9:30:55,13] Opcao invalida informada: 
[26/06/2026  9:30:57,64] Opcao invalida informada: 
[26/06/2026  9:31:00,55] Opcao invalida informada: 
[26/06/2026  9:31:04,37] Opcao invalida informada: 
[26/06/2026  9:31:07,98] Opcao invalida informada: 
[26/06/2026  9:31:11,57] Opcao invalida informada: 
[26/06/2026  9:31:14,35] Opcao invalida informada: 
[26/06/2026  9:31:17,35] Opcao invalida informada: 
[26/06/2026  9:31:20,35] Opcao invalida informada: 
[26/06/2026  9:31:23,14] Opcao invalida informada: 
[26/06/2026  9:31:25,76] Opcao invalida informada: 
[26/06/2026  9:31:28,04] Opcao invalida informada: 
[26/06/2026  9:31:30,35] Opcao invalida informada: 
[26/06/2026  9:31:32,54] Opcao invalida informada: 
[26/06/2026  9:31:35,38] Opcao invalida informada: 
[26/06/2026  9:31:38,82] Opcao invalida informada: 
[26/06/2026  9:31:41,40] Opcao invalida informada: 
[26/06/2026  9:31:43,96] Opcao invalida informada: 
[26/06/2026  9:31:46,38] Opcao invalida informada: 
[26/06/2026  9:31:48,64] Opcao invalida informada: 
[26/06/2026  9:31:51,53] Opcao invalida informada: 
[26/06/2026  9:31:54,25] Opcao invalida informada: 
[26/06/2026  9:31:56,57] Opcao invalida informada: 
[26/06/2026  9:31:59,03] Opcao invalida informada: 
[26/06/2026  9:32:01,41] Opcao invalida informada: 
[26/06/2026  9:32:04,09] Opcao invalida informada: 
[26/06/2026  9:32:07,28] Opcao invalida informada: 
[26/06/2026  9:32:10,40] Opcao invalida informada: 
[26/06/2026  9:32:13,18] Opcao invalida informada: 
[26/06/2026  9:32:16,05] Opcao invalida informada: 
[26/06/2026  9:32:18,89] Opcao invalida informada: 
[26/06/2026  9:32:21,71] Opcao invalida informada: 
[26/06/2026  9:32:24,23] Opcao invalida informada: 
[26/06/2026  9:32:26,50] Opcao invalida informada: 
[26/06/2026  9:32:28,84] Opcao invalida informada: 
[26/06/2026  9:32:30,89] Opcao invalida informada: 
[26/06/2026  9:32:33,00] Opcao invalida informada: 
[26/06/2026  9:32:35,32] Opcao invalida informada: 
[26/06/2026  9:32:37,67] Opcao invalida informada: 
[26/06/2026  9:32:39,98] Opcao invalida informada: 
[26/06/2026  9:32:42,50] Opcao invalida informada: 
[26/06/2026  9:32:45,33] Opcao invalida informada: 
[26/06/2026  9:32:48,15] Opcao invalida informada: 
[26/06/2026  9:32:50,92] Opcao invalida informada: 
[26/06/2026  9:32:53,53] Opcao invalida informada: 
[26/06/2026  9:32:55,87] Opcao invalida informada: 
[26/06/2026  9:32:58,09] Opcao invalida informada: 
[26/06/2026  9:33:00,21] Opcao invalida informada: 
[26/06/2026  9:33:02,48] Opcao invalida informada: 
[26/06/2026  9:33:05,71] Opcao invalida informada: 
[26/06/2026  9:33:08,49] Opcao invalida informada: 
[26/06/2026  9:33:11,54] Opcao invalida informada: 
[26/06/2026  9:33:14,64] Opcao invalida informada: 
[26/06/2026  9:33:17,29] Opcao invalida informada: 
[26/06/2026  9:33:20,47] Opcao invalida informada: 
[26/06/2026  9:33:23,27] Opcao invalida informada: 
[26/06/2026  9:33:26,29] Opcao invalida informada: 
[26/06/2026  9:33:29,51] Opcao invalida informada: 
[26/06/2026  9:33:32,34] Opcao invalida informada: 
[26/06/2026  9:33:35,22] Opcao invalida informada: 
[26/06/2026  9:33:37,78] Opcao invalida informada: 
[26/06/2026  9:33:40,04] Opcao invalida informada: 
[26/06/2026  9:33:42,22] Opcao invalida informada: 
[26/06/2026  9:33:44,25] Opcao invalida informada: 
[26/06/2026  9:33:46,36] Opcao invalida informada: 
[26/06/2026  9:33:48,41] Opcao invalida informada: 
[26/06/2026  9:33:50,49] Opcao invalida informada: 
[26/06/2026  9:33:52,87] Opcao invalida informada: 
[26/06/2026  9:33:55,35] Opcao invalida informada: 
[26/06/2026  9:33:57,36] Opcao invalida informada: 
[26/06/2026  9:33:59,41] Opcao invalida informada: 
[26/06/2026  9:34:01,65] Opcao invalida informada: 
[26/06/2026  9:34:04,81] Opcao invalida informada: 
[26/06/2026  9:34:07,58] Opcao invalida informada: 
[26/06/2026  9:34:10,39] Opcao invalida informada: 
[26/06/2026  9:34:13,17] Opcao invalida informada: 
[26/06/2026  9:34:16,20] Opcao invalida informada: 
[26/06/2026  9:34:19,12] Opcao invalida informada: 
[26/06/2026  9:34:22,03] Opcao invalida informada: 
[26/06/2026  9:34:24,36] Opcao invalida informada: 
[26/06/2026  9:34:26,55] Opcao invalida informada: 
[26/06/2026  9:34:28,72] Opcao invalida informada: 
[26/06/2026  9:34:31,17] Opcao invalida informada: 
[26/06/2026  9:34:33,43] Opcao invalida informada: 
[26/06/2026  9:34:35,72] Opcao invalida informada: 
[26/06/2026  9:34:38,66] Opcao invalida informada: 
[26/06/2026  9:34:42,23] Opcao invalida informada: 
[26/06/2026  9:34:45,33] Opcao invalida informada: 
[26/06/2026  9:34:48,22] Opcao invalida informada: 
[26/06/2026  9:34:51,20] Opcao invalida informada: 
[26/06/2026  9:34:54,59] Opcao invalida informada: 
[26/06/2026  9:34:57,25] Opcao invalida informada: 
[26/06/2026  9:34:59,68] Opcao invalida informada: 
[26/06/2026  9:35:02,18] Opcao invalida informada: 
[26/06/2026  9:35:05,25] Opcao invalida informada: 
[26/06/2026  9:35:36,47] Script aberto.
[26/06/2026  9:35:36,47] Consulta de status via linha de comando.
[26/06/2026  9:35:53,79] Script aberto.
[26/06/2026  9:35:53,80] Inicializacao via linha de comando.
[26/06/2026  9:35:56,59] Iniciando backend.
[26/06/2026  9:36:00,78] Script aberto.
[26/06/2026  9:36:00,79] Consulta de status via linha de comando.
[26/06/2026  9:36:36,76] Script aberto.
[26/06/2026  9:36:36,76] Inicializacao via linha de comando.
[26/06/2026  9:36:37,61] Iniciando backend.
[26/06/2026  9:36:37,86] Falha ao iniciar o backend.
[26/06/2026  9:36:38,57] Iniciando frontend.
[26/06/2026  9:36:38,89] Frontend iniciado com PID 33916.
[26/06/2026  9:37:36,54] Script aberto.
[26/06/2026  9:37:36,55] Inicializacao via linha de comando.
[26/06/2026  9:37:37,58] Iniciando backend.
INFO:     Started server process [39116]
INFO:     Waiting for application startup.
INFO:     Application startup complete.
INFO:     Uvicorn running on http://127.0.0.1:8000 (Press CTRL+C to quit)
[26/06/2026  9:38:13,34] Backend: processo da porta 8000 encerrado via PID 39116.
[26/06/2026  9:38:14,11] Backend encerrado.
[26/06/2026  9:38:15,64] Frontend encerrado.
[26/06/2026  9:38:38,60] Script aberto.
[26/06/2026  9:38:38,60] Encerramento via linha de comando.
[26/06/2026  9:38:40,14] Backend encerrado.
[26/06/2026  9:38:41,55] Frontend encerrado.
[26/06/2026  9:38:43,00] Script aberto.
[26/06/2026  9:38:43,00] Inicializacao via linha de comando.
[26/06/2026  9:38:43,87] Iniciando backend.
[26/06/2026  9:38:47,85] Backend iniciado com PID 2504.
[26/06/2026  9:38:50,00] Iniciando frontend.
[26/06/2026  9:38:54,24] Frontend iniciado com PID 47632.
[26/06/2026  9:39:06,30] Script aberto.
[26/06/2026  9:39:06,30] Consulta de status via linha de comando.
[26/06/2026  9:39:21,41] Script aberto.
[26/06/2026  9:39:21,41] Encerramento via linha de comando.
[26/06/2026  9:39:21,66] Backend: tentativa de encerramento do PID 2504.
[26/06/2026  9:39:23,22] Backend encerrado.
[26/06/2026  9:39:23,44] Frontend: tentativa de encerramento do PID 47632.
[26/06/2026  9:39:24,98] Frontend encerrado.
[26/06/2026  9:47:00,04] Script aberto.
[26/06/2026  9:47:06,27] Usuario consultou status.
[26/06/2026  9:47:12,88] Usuario consultou status.
[26/06/2026  9:47:20,67] Usuario solicitou inicio da aplicacao.
[26/06/2026  9:47:21,57] Iniciando backend.
[26/06/2026  9:47:24,55] Backend iniciado com PID 51104.
[26/06/2026  9:47:26,88] Iniciando frontend.
[26/06/2026  9:47:29,90] Frontend iniciado com PID 38712.
[26/06/2026  9:48:09,06] Script encerrado pelo usuario.
[26/06/2026  9:50:32,27] Script aberto.
[26/06/2026  9:50:37,43] Usuario consultou status.
[26/06/2026  9:50:42,27] Usuario solicitou inicio da aplicacao.
[26/06/2026  9:50:43,13] Iniciando backend.
[26/06/2026  9:50:46,57] Backend iniciado com PID 13820.
[26/06/2026  9:50:48,82] Iniciando frontend.
[26/06/2026  9:50:51,52] Frontend iniciado com PID 36116.
[26/06/2026  9:51:03,73] Script encerrado pelo usuario.
[26/06/2026  9:52:44,18] Script aberto.
[26/06/2026  9:52:44,18] Encerramento via linha de comando.
[26/06/2026  9:52:44,45] Backend: tentativa de encerramento do PID 13820.
[26/06/2026  9:52:46,26] Backend encerrado.
[26/06/2026  9:52:46,50] Frontend: tentativa de encerramento do PID 36116.
[26/06/2026  9:52:48,24] Frontend encerrado.
[26/06/2026  9:52:56,58] Script aberto.
[26/06/2026  9:52:56,58] Inicializacao via linha de comando.
[26/06/2026  9:52:57,63] Iniciando backend.
[26/06/2026  9:53:01,93] Script aberto.
[26/06/2026  9:53:01,93] Consulta de status via linha de comando.
[26/06/2026  9:53:13,58] Falha ao iniciar o backend.
[26/06/2026  9:53:14,35] Iniciando frontend.
[26/06/2026  9:53:28,64] Falha ao iniciar o frontend.
[26/06/2026  9:54:06,85] Script aberto.
[26/06/2026  9:54:06,85] Encerramento via linha de comando.
[26/06/2026  9:54:08,31] Backend encerrado.
[26/06/2026  9:54:09,78] Frontend encerrado.
[26/06/2026  9:54:17,53] Script aberto.
[26/06/2026  9:54:17,54] Inicializacao via linha de comando.
[26/06/2026  9:54:18,48] Iniciando backend.
[26/06/2026  9:54:21,67] Backend iniciado com PID 15392.
[26/06/2026  9:54:22,92] Script aberto.
[26/06/2026  9:54:22,92] Consulta de status via linha de comando.
[26/06/2026  9:54:24,07] Iniciando frontend.
[26/06/2026  9:54:27,90] Frontend iniciado com PID 28648.
[26/06/2026  9:55:51,67] Script aberto.
[26/06/2026  9:55:57,57] Usuario consultou status.
[26/06/2026  9:56:05,02] Opcao invalida informada: 
[26/06/2026  9:56:12,56] Script encerrado pelo usuario.
[26/06/2026  9:56:14,04] Script aberto.
[26/06/2026  9:56:41,91] Usuario consultou status.
[26/06/2026  9:56:52,95] Usuario solicitou encerramento da aplicacao.
[26/06/2026  9:56:53,17] Backend: tentativa de encerramento do PID 15392.
[26/06/2026  9:56:54,05] Backend: processo da porta 8000 encerrado via PID 15392.
[26/06/2026  9:56:54,67] Backend permaneceu ativo na porta 8000 apos a tentativa de encerramento.
[26/06/2026  9:56:54,92] Frontend: tentativa de encerramento do PID 28648.
[26/06/2026  9:56:55,77] Frontend: processo da porta 3500 encerrado via PID 28648.
[26/06/2026  9:56:56,40] Frontend permaneceu ativo na porta 3500 apos a tentativa de encerramento.
[26/06/2026  9:57:04,73] Script aberto.
[26/06/2026  9:57:08,60] Usuario consultou status.
[26/06/2026  9:57:14,13] Opcao invalida informada: 
[26/06/2026  9:57:17,51] Usuario solicitou encerramento da aplicacao.
[26/06/2026  9:57:18,38] Backend: processo da porta 8000 encerrado via PID 15392.
[26/06/2026  9:57:19,02] Backend permaneceu ativo na porta 8000 apos a tentativa de encerramento.
[26/06/2026  9:57:19,90] Frontend: processo da porta 3500 encerrado via PID 28648.
[26/06/2026  9:57:20,52] Frontend permaneceu ativo na porta 3500 apos a tentativa de encerramento.
[26/06/2026  9:58:38,92] Script aberto.
[26/06/2026  9:58:43,38] Usuario consultou status.
[26/06/2026  9:58:48,98] Usuario solicitou encerramento da aplicacao.
[26/06/2026  9:58:49,86] Backend: processo da porta 8000 encerrado via PID 15392.
[26/06/2026  9:58:50,45] Backend permaneceu ativo na porta 8000 apos a tentativa de encerramento.
[26/06/2026  9:58:51,33] Frontend: processo da porta 3500 encerrado via PID 28648.
[26/06/2026  9:58:51,96] Frontend permaneceu ativo na porta 3500 apos a tentativa de encerramento.
[26/06/2026  9:59:25,60] Script aberto.
[26/06/2026  9:59:25,61] Encerramento via linha de comando.
[26/06/2026  9:59:26,58] Backend: processo da porta 8000 encerrado via PID 15392.
[26/06/2026  9:59:27,28] Backend encerrado.
[26/06/2026  9:59:28,77] Frontend encerrado.
[26/06/2026  9:59:30,31] Script aberto.
[26/06/2026  9:59:30,31] Consulta de status via linha de comando.
[26/06/2026  9:59:31,82] Script aberto.
[26/06/2026  9:59:31,83] Encerramento via linha de comando.
[26/06/2026  9:59:33,27] Backend encerrado.
[26/06/2026  9:59:34,69] Frontend encerrado.
[26/06/2026  9:59:45,34] Script aberto.
[26/06/2026  9:59:49,09] Usuario consultou status.
[26/06/2026  9:59:54,77] Usuario consultou status.
[26/06/2026 10:00:02,16] Usuario solicitou inicio da aplicacao.
[26/06/2026 10:00:02,96] Iniciando backend.
[26/06/2026 10:00:06,48] Backend iniciado com PID 50840.
[26/06/2026 10:00:08,84] Iniciando frontend.
[26/06/2026 10:00:11,75] Frontend iniciado com PID 42460.
[26/06/2026 10:00:33,07] Script aberto.
[26/06/2026 10:00:38,14] Usuario solicitou encerramento da aplicacao.
[26/06/2026 10:00:38,43] Backend: tentativa de encerramento do PID 50840.
[26/06/2026 10:00:39,94] Backend encerrado.
[26/06/2026 10:00:40,20] Frontend: tentativa de encerramento do PID 42460.
[26/06/2026 10:00:41,66] Frontend encerrado.
[26/06/2026 10:00:49,53] Script aberto.
[26/06/2026 10:00:52,92] Usuario consultou status.
[26/06/2026 10:00:58,28] Usuario solicitou inicio da aplicacao.
[26/06/2026 10:00:59,13] Iniciando backend.
[26/06/2026 10:01:02,64] Backend iniciado com PID 50072.
[26/06/2026 10:01:05,01] Iniciando frontend.
[26/06/2026 10:01:08,74] Frontend iniciado com PID 13812.
[26/06/2026 10:02:14,05] Script aberto.
[26/06/2026 10:02:19,54] Usuario consultou status.
[26/06/2026 10:02:29,77] Usuario solicitou encerramento da aplicacao.
[26/06/2026 10:02:29,98] Backend: tentativa de encerramento do PID 50072.
[26/06/2026 10:02:31,24] Backend encerrado.
[26/06/2026 10:02:31,48] Frontend: tentativa de encerramento do PID 13812.
[26/06/2026 10:02:32,90] Frontend encerrado.
[26/06/2026 10:06:21,87] Script aberto.
[26/06/2026 10:06:28,94] Usuario consultou status.
[26/06/2026 10:06:35,24] Usuario solicitou inicio da aplicacao.
[26/06/2026 10:06:36,02] Iniciando backend.
[26/06/2026 10:06:39,42] Backend iniciado com PID 38308.
[26/06/2026 10:06:41,85] Iniciando frontend.
[26/06/2026 10:06:44,70] Frontend iniciado com PID 29972.
[26/06/2026 10:08:09,38] Script aberto.
[26/06/2026 10:08:14,16] Usuario solicitou encerramento da aplicacao.
[26/06/2026 10:08:14,37] Backend: tentativa de encerramento do PID 38308.
[26/06/2026 10:08:15,64] Backend encerrado.
[26/06/2026 10:08:15,89] Frontend: tentativa de encerramento do PID 29972.
[26/06/2026 10:08:17,19] Frontend encerrado.
[26/06/2026 10:08:24,15] Script encerrado pelo usuario.
[26/06/2026 10:08:26,46] Script aberto.
[26/06/2026 10:08:30,22] Usuario solicitou inicio da aplicacao.
[26/06/2026 10:08:31,02] Iniciando backend.
[26/06/2026 10:08:34,46] Backend iniciado com PID 25088.
[26/06/2026 10:08:36,82] Iniciando frontend.
[26/06/2026 10:08:39,54] Frontend iniciado com PID 42928.
