INFO:     Started server process [25548]
INFO:     Waiting for application startup.
INFO:     Application startup complete.
INFO:     Uvicorn running on http://127.0.0.1:8000 (Press CTRL+C to quit)
01/07/2026 16:21:28 | INFO | Iniciando extração da entidade company_info.
01/07/2026 16:21:28 | INFO | Entidade company_info ignorada nesta execução incremental por estar dentro da janela de cooldown.
01/07/2026 16:21:28 | INFO | Fim da entidade company_info. Extraidos=0, inseridos=0, atualizados=0, tempo_total=0.14s. ignorada_por_cooldown=true.
01/07/2026 16:21:28 | INFO | Iniciando extração da entidade users.
01/07/2026 16:21:28 | INFO | Entidade users ignorada nesta execução incremental por estar dentro da janela de cooldown.
01/07/2026 16:21:28 | INFO | Fim da entidade users. Extraidos=0, inseridos=0, atualizados=0, tempo_total=0.13s. ignorada_por_cooldown=true.
01/07/2026 16:21:29 | INFO | Iniciando extração da entidade vendors.
01/07/2026 16:21:29 | INFO | Entidade vendors ignorada nesta execução incremental por estar dentro da janela de cooldown.
01/07/2026 16:21:29 | INFO | Fim da entidade vendors. Extraidos=0, inseridos=0, atualizados=0, tempo_total=0.13s. ignorada_por_cooldown=true.
01/07/2026 16:21:29 | INFO | Iniciando extração da entidade brands.
01/07/2026 16:21:29 | INFO | Entidade brands ignorada nesta execução incremental por estar dentro da janela de cooldown.
01/07/2026 16:21:29 | INFO | Fim da entidade brands. Extraidos=0, inseridos=0, atualizados=0, tempo_total=0.13s. ignorada_por_cooldown=true.
01/07/2026 16:21:29 | INFO | Iniciando extração da entidade categories.
01/07/2026 16:21:29 | INFO | Entidade categories ignorada nesta execução incremental por estar dentro da janela de cooldown.
01/07/2026 16:21:30 | INFO | Fim da entidade categories. Extraidos=0, inseridos=0, atualizados=0, tempo_total=0.14s. ignorada_por_cooldown=true.
01/07/2026 16:21:30 | INFO | Iniciando extração da entidade revenue_expense_categories.
01/07/2026 16:21:30 | INFO | Entidade revenue_expense_categories ignorada nesta execução incremental por estar dentro da janela de cooldown.
01/07/2026 16:21:30 | INFO | Fim da entidade revenue_expense_categories. Extraidos=0, inseridos=0, atualizados=0, tempo_total=0.12s. ignorada_por_cooldown=true.
01/07/2026 16:21:30 | INFO | Iniciando extração da entidade contacts.
01/07/2026 16:21:31 | INFO | Etapa contacts.types concluida em /contatos/tipos. Extraidos=4, inseridos=0, atualizados=0.
01/07/2026 16:21:32 | INFO | Etapa contacts.list concluida em /contatos. Extraidos=3, inseridos=0, atualizados=2.
01/07/2026 16:21:32 | INFO | Etapa contacts.detail concluida em /contatos/763153301. Extraidos=1, inseridos=0, atualizados=1.
01/07/2026 16:21:33 | INFO | Etapa contacts.detail concluida em /contatos/763146193. Extraidos=1, inseridos=0, atualizados=1.
01/07/2026 16:21:34 | INFO | Etapa contacts.people concluida em /contatos/763153301/pessoas. Extraidos=0, inseridos=0, atualizados=0.
01/07/2026 16:21:34 | INFO | Etapa contacts.people concluida em /contatos/763146193/pessoas. Extraidos=0, inseridos=0, atualizados=0.
01/07/2026 16:21:34 | INFO | Fim da entidade contacts. Extraidos=9, inseridos=0, atualizados=4, tempo_total=4.29s.
01/07/2026 16:21:35 | INFO | Iniciando extração da entidade payment_methods.
01/07/2026 16:21:35 | INFO | Entidade payment_methods ignorada nesta execução incremental por estar dentro da janela de cooldown.
01/07/2026 16:21:35 | INFO | Fim da entidade payment_methods. Extraidos=0, inseridos=0, atualizados=0, tempo_total=0.13s. ignorada_por_cooldown=true.
01/07/2026 16:21:35 | INFO | Iniciando extração da entidade receipt_methods.
01/07/2026 16:21:35 | INFO | Entidade receipt_methods ignorada nesta execução incremental por estar dentro da janela de cooldown.
01/07/2026 16:21:35 | INFO | Fim da entidade receipt_methods. Extraidos=0, inseridos=0, atualizados=0, tempo_total=0.13s. ignorada_por_cooldown=true.
01/07/2026 16:21:35 | INFO | Iniciando extração da entidade shipping_methods.
01/07/2026 16:21:35 | INFO | Entidade shipping_methods ignorada nesta execução incremental por estar dentro da janela de cooldown.
01/07/2026 16:21:36 | INFO | Fim da entidade shipping_methods. Extraidos=0, inseridos=0, atualizados=0, tempo_total=0.13s. ignorada_por_cooldown=true.
01/07/2026 16:21:36 | INFO | Iniciando extração da entidade deposits.
01/07/2026 16:21:36 | INFO | Entidade deposits ignorada nesta execução incremental por estar dentro da janela de cooldown.
01/07/2026 16:21:36 | INFO | Fim da entidade deposits. Extraidos=0, inseridos=0, atualizados=0, tempo_total=0.24s. ignorada_por_cooldown=true.
01/07/2026 16:21:36 | INFO | Iniciando extração da entidade intermediators.
01/07/2026 16:21:36 | INFO | Entidade intermediators ignorada nesta execução incremental por estar dentro da janela de cooldown.
01/07/2026 16:21:37 | INFO | Fim da entidade intermediators. Extraidos=0, inseridos=0, atualizados=0, tempo_total=0.14s. ignorada_por_cooldown=true.
01/07/2026 16:21:37 | INFO | Iniciando extração da entidade price_lists.
01/07/2026 16:21:37 | INFO | Entidade price_lists ignorada nesta execução incremental por estar dentro da janela de cooldown.
01/07/2026 16:21:37 | INFO | Fim da entidade price_lists. Extraidos=0, inseridos=0, atualizados=0, tempo_total=0.15s. ignorada_por_cooldown=true.
01/07/2026 16:21:37 | INFO | Iniciando extração da entidade services.
01/07/2026 16:21:37 | INFO | Entidade services ignorada nesta execução incremental por estar dentro da janela de cooldown.
01/07/2026 16:21:38 | INFO | Fim da entidade services. Extraidos=0, inseridos=0, atualizados=0, tempo_total=0.16s. ignorada_por_cooldown=true.
01/07/2026 16:21:38 | INFO | Iniciando extração da entidade tag_groups.
01/07/2026 16:21:38 | INFO | Entidade tag_groups ignorada nesta execução incremental por estar dentro da janela de cooldown.
01/07/2026 16:21:38 | INFO | Fim da entidade tag_groups. Extraidos=0, inseridos=0, atualizados=0, tempo_total=0.17s. ignorada_por_cooldown=true.
01/07/2026 16:21:38 | INFO | Iniciando extração da entidade product_tags.
01/07/2026 16:21:38 | INFO | Entidade product_tags ignorada nesta execução incremental por estar dentro da janela de cooldown.
01/07/2026 16:21:38 | INFO | Fim da entidade product_tags. Extraidos=0, inseridos=0, atualizados=0, tempo_total=0.14s. ignorada_por_cooldown=true.
01/07/2026 16:21:39 | INFO | Iniciando extração da entidade products.
01/07/2026 16:21:40 | INFO | Etapa products.list concluida em /produtos. Extraidos=11, inseridos=1, atualizados=2.
01/07/2026 16:21:40 | INFO | Etapa products.detail concluida em /produtos/913217903. Extraidos=1, inseridos=0, atualizados=0.
01/07/2026 16:21:41 | INFO | Etapa products.detail concluida em /produtos/913217916. Extraidos=1, inseridos=0, atualizados=0.
01/07/2026 16:21:42 | INFO | Etapa products.detail concluida em /produtos/913217928. Extraidos=1, inseridos=0, atualizados=0.
01/07/2026 16:21:42 | INFO | Etapa products.detail concluida em /produtos/913217936. Extraidos=1, inseridos=0, atualizados=0.
01/07/2026 16:21:43 | INFO | Etapa products.detail concluida em /produtos/913217945. Extraidos=1, inseridos=0, atualizados=0.
01/07/2026 16:21:44 | INFO | Etapa products.detail concluida em /produtos/913219358. Extraidos=1, inseridos=0, atualizados=0.
01/07/2026 16:21:44 | INFO | Etapa products.detail concluida em /produtos/913219414. Extraidos=1, inseridos=0, atualizados=0.
01/07/2026 16:21:45 | INFO | Etapa products.detail concluida em /produtos/913220971. Extraidos=1, inseridos=0, atualizados=0.
01/07/2026 16:21:45 | INFO | Etapa products.detail concluida em /produtos/913221819. Extraidos=1, inseridos=0, atualizados=1.
01/07/2026 16:21:46 | INFO | Etapa products.detail concluida em /produtos/917938254. Extraidos=1, inseridos=0, atualizados=1.
01/07/2026 16:21:47 | INFO | Etapa products.detail concluida em /produtos/937838751. Extraidos=1, inseridos=1, atualizados=0.
01/07/2026 16:21:47 | INFO | Etapa products.costs concluida em /produtos/913217903/custos. Extraidos=1, inseridos=0, atualizados=0.
01/07/2026 16:21:48 | INFO | Etapa products.costs concluida em /produtos/913217916/custos. Extraidos=1, inseridos=0, atualizados=0.
01/07/2026 16:21:49 | INFO | Etapa products.costs concluida em /produtos/913217928/custos. Extraidos=1, inseridos=0, atualizados=0.
01/07/2026 16:21:49 | INFO | Etapa products.costs concluida em /produtos/913217936/custos. Extraidos=1, inseridos=0, atualizados=0.
01/07/2026 16:21:50 | INFO | Etapa products.costs concluida em /produtos/913217945/custos. Extraidos=1, inseridos=0, atualizados=0.
01/07/2026 16:21:51 | INFO | Etapa products.costs concluida em /produtos/913219358/custos. Extraidos=1, inseridos=0, atualizados=0.
01/07/2026 16:21:51 | INFO | Etapa products.costs concluida em /produtos/913219414/custos. Extraidos=1, inseridos=0, atualizados=0.
01/07/2026 16:21:52 | INFO | Etapa products.costs concluida em /produtos/913220971/custos. Extraidos=1, inseridos=0, atualizados=0.
01/07/2026 16:21:53 | INFO | Etapa products.costs concluida em /produtos/913221819/custos. Extraidos=1, inseridos=1, atualizados=0.
01/07/2026 16:21:53 | INFO | Etapa products.costs concluida em /produtos/917938254/custos. Extraidos=1, inseridos=1, atualizados=0.
01/07/2026 16:21:54 | INFO | Etapa products.costs concluida em /produtos/937838751/custos. Extraidos=1, inseridos=1, atualizados=0.
