26/06/2026 12:41:51 | INFO | Iniciando extração da entidade company_info.
26/06/2026 12:41:52 | INFO | Etapa company.info concluida em /info. Extraidos=1, inseridos=1, atualizados=0.
26/06/2026 12:41:52 | INFO | Fim da entidade company_info. Extraidos=1, inseridos=1, atualizados=0, tempo_total=0.65s.
26/06/2026 12:41:52 | INFO | Iniciando extração da entidade users.
26/06/2026 12:41:54 | INFO | Etapa users.list concluida em /usuarios. Extraidos=18, inseridos=18, atualizados=0.
26/06/2026 12:41:54 | INFO | Fim da entidade users. Extraidos=18, inseridos=18, atualizados=0, tempo_total=1.96s.
26/06/2026 12:41:54 | INFO | Iniciando extração da entidade vendors.
26/06/2026 12:41:56 | INFO | Etapa vendors.list concluida em /vendedores. Extraidos=10, inseridos=10, atualizados=0.
26/06/2026 12:41:56 | INFO | Fim da entidade vendors. Extraidos=10, inseridos=10, atualizados=0, tempo_total=1.33s.
26/06/2026 12:41:56 | INFO | Iniciando extração da entidade brands.
26/06/2026 12:41:56 | INFO | Etapa brands.list concluida em /marcas. Extraidos=0, inseridos=0, atualizados=0.
26/06/2026 12:41:56 | INFO | Fim da entidade brands. Extraidos=0, inseridos=0, atualizados=0, tempo_total=0.52s.
26/06/2026 12:41:57 | INFO | Iniciando extração da entidade categories.
26/06/2026 12:41:57 | INFO | Etapa categories.tree concluida em /categorias/todas. Extraidos=0, inseridos=0, atualizados=0.
26/06/2026 12:41:57 | INFO | Fim da entidade categories. Extraidos=0, inseridos=0, atualizados=0, tempo_total=0.56s.
26/06/2026 12:41:57 | INFO | Iniciando extração da entidade revenue_expense_categories.
26/06/2026 12:42:04 | INFO | Etapa financial_categories.list concluida em /categorias-receita-despesa. Extraidos=76, inseridos=76, atualizados=0.
26/06/2026 12:42:04 | INFO | Fim da entidade revenue_expense_categories. Extraidos=76, inseridos=76, atualizados=0, tempo_total=6.62s.
26/06/2026 12:42:04 | INFO | Iniciando extração da entidade contacts.
26/06/2026 12:42:05 | INFO | Etapa contacts.types concluida em /contatos/tipos. Extraidos=4, inseridos=4, atualizados=0.
26/06/2026 12:42:09 | ERROR | Falha na entidade contacts.
26/06/2026 12:42:09 | ERROR | Falha na entidade contacts
Traceback (most recent call last):
  File "C:\Program Files\Python312\Lib\site-packages\sqlalchemy\engine\base.py", line 1963, in _exec_single_context
    self.dialect.do_execute(
  File "C:\Program Files\Python312\Lib\site-packages\sqlalchemy\engine\default.py", line 943, in do_execute
    cursor.execute(statement, parameters)
psycopg2.errors.DeadlockDetected: deadlock detected
DETAIL:  Process 74008 waits for RowShareLock on relation 17706 of database 5; blocked by process 74017.
Process 74017 waits for AccessExclusiveLock on relation 17744 of database 5; blocked by process 74008.
HINT:  See server log for query details.


The above exception was the direct cause of the following exception:

Traceback (most recent call last):
  File "C:\GitHubLocal\Albertina\backend\olist_extraction\extract.py", line 153, in run_workflow
    extracted_contexts = self._execute_step(
                         ^^^^^^^^^^^^^^^^^^^
  File "C:\GitHubLocal\Albertina\backend\olist_extraction\extract.py", line 295, in _execute_step
    page_contexts = self._persist_payloads(
                    ^^^^^^^^^^^^^^^^^^^^^^^
  File "C:\GitHubLocal\Albertina\backend\olist_extraction\extract.py", line 398, in _persist_payloads
    upsert_result = self.repository.upsert_raw_payload(
                    ^^^^^^^^^^^^^^^^^^^^^^^^^^^^^^^^^^^
  File "C:\GitHubLocal\Albertina\backend\olist_extraction\load.py", line 567, in upsert_raw_payload
    connection.execute(
  File "C:\Program Files\Python312\Lib\site-packages\sqlalchemy\engine\base.py", line 1415, in execute
    return meth(
           ^^^^^
  File "C:\Program Files\Python312\Lib\site-packages\sqlalchemy\sql\elements.py", line 523, in _execute_on_connection
    return connection._execute_clauseelement(
           ^^^^^^^^^^^^^^^^^^^^^^^^^^^^^^^^^^
  File "C:\Program Files\Python312\Lib\site-packages\sqlalchemy\engine\base.py", line 1637, in _execute_clauseelement
    ret = self._execute_context(
          ^^^^^^^^^^^^^^^^^^^^^^
  File "C:\Program Files\Python312\Lib\site-packages\sqlalchemy\engine\base.py", line 1842, in _execute_context
    return self._exec_single_context(
           ^^^^^^^^^^^^^^^^^^^^^^^^^^
  File "C:\Program Files\Python312\Lib\site-packages\sqlalchemy\engine\base.py", line 1982, in _exec_single_context
    self._handle_dbapi_exception(
  File "C:\Program Files\Python312\Lib\site-packages\sqlalchemy\engine\base.py", line 2351, in _handle_dbapi_exception
    raise sqlalchemy_exception.with_traceback(exc_info[2]) from e
  File "C:\Program Files\Python312\Lib\site-packages\sqlalchemy\engine\base.py", line 1963, in _exec_single_context
    self.dialect.do_execute(
  File "C:\Program Files\Python312\Lib\site-packages\sqlalchemy\engine\default.py", line 943, in do_execute
    cursor.execute(statement, parameters)
sqlalchemy.exc.OperationalError: (psycopg2.errors.DeadlockDetected) deadlock detected
DETAIL:  Process 74008 waits for RowShareLock on relation 17706 of database 5; blocked by process 74017.
Process 74017 waits for AccessExclusiveLock on relation 17744 of database 5; blocked by process 74008.
HINT:  See server log for query details.

[SQL: 
                    INSERT INTO olist_raw.api_payloads (
                      tenant_id,
                      entity_name,
                      endpoint_path,
                      external_key,
                      http_method,
                      olist_object_id,
                      parent_olist_object_id,
                      source_updated_at,
                      extracted_at,
                      sync_run_id,
                      payload_hash,
                      payload
                    )
                    VALUES (
                      %(tenant_id)s,
                      %(entity_name)s,
                      %(endpoint_path)s,
                      %(external_key)s,
                      'GET',
                      %(olist_object_id)s,
                      %(parent_olist_object_id)s,
                      %(source_updated_at)s,
                      NOW(),
                      %(sync_run_id)s,
                      %(payload_hash)s,
                      CAST(%(payload)s AS JSONB)
                    )
                    ON CONFLICT (tenant_id, entity_name, endpoint_path, external_key) DO UPDATE
                    SET olist_object_id = EXCLUDED.olist_object_id,
                        parent_olist_object_id = EXCLUDED.parent_olist_object_id,
                        source_updated_at = EXCLUDED.source_updated_at,
                        extracted_at = EXCLUDED.extracted_at,
                        sync_run_id = EXCLUDED.sync_run_id,
                        payload_hash = EXCLUDED.payload_hash,
                        payload = EXCLUDED.payload
                    ]
[parameters: {'tenant_id': '1dec7ba2-366a-42a9-a88b-c64b3c4f2aab', 'entity_name': 'contacts', 'endpoint_path': '/contatos', 'external_key': '/contatos|765850735', 'olist_object_id': 765850735, 'parent_olist_object_id': None, 'source_updated_at': datetime.datetime(2026, 5, 27, 15, 25, 46, tzinfo=datetime.timezone.utc), 'sync_run_id': 'b6f03bf1-ba23-427d-9d64-1dc69a9f4d06', 'payload_hash': '9ac80348c11f257638882238752d7e77feeeaeb436210f5fd1488ef68eb92f17', 'payload': '{"nome": "MERCEARIA VENERI MEDEIROS LTDA", "codigo": "16962", "fantasia": "", "tipoPessoa": "J", "cpfCnpj": "66.198.678/0001-39", "inscricaoEstadual" ... (335 characters truncated) ... nome": "Alexandre Cesar da Rosa"}, "situacao": "A", "statusCrm": "C", "dataCriacao": "2026-05-27 07:28:04", "dataAtualizacao": "2026-05-27 15:25:46"}'}]
(Background on this error at: https://sqlalche.me/e/20/e3q8)
26/06/2026 12:42:09 | ERROR | Fim da entidade contacts. Extraidos=21, inseridos=21, atualizados=0, tempo_total=4.82s.
26/06/2026 12:42:09 | INFO | Iniciando extração da entidade payment_methods.
26/06/2026 12:42:11 | INFO | Etapa payment_methods.list concluida em /formas-pagamento. Extraidos=10, inseridos=10, atualizados=0.
26/06/2026 12:42:11 | INFO | Etapa payment_methods.detail concluida em /formas-pagamento/842509189. Extraidos=1, inseridos=1, atualizados=0.
26/06/2026 12:42:12 | INFO | Etapa payment_methods.detail concluida em /formas-pagamento/842509190. Extraidos=1, inseridos=1, atualizados=0.
26/06/2026 12:42:13 | INFO | Etapa payment_methods.detail concluida em /formas-pagamento/842509191. Extraidos=1, inseridos=1, atualizados=0.
26/06/2026 12:42:13 | INFO | Etapa payment_methods.detail concluida em /formas-pagamento/842509192. Extraidos=1, inseridos=1, atualizados=0.
26/06/2026 12:42:14 | INFO | Etapa payment_methods.detail concluida em /formas-pagamento/842509194. Extraidos=1, inseridos=1, atualizados=0.
26/06/2026 12:42:14 | INFO | Etapa payment_methods.detail concluida em /formas-pagamento/842509195. Extraidos=1, inseridos=1, atualizados=0.
26/06/2026 12:42:15 | INFO | Etapa payment_methods.detail concluida em /formas-pagamento/842509196. Extraidos=1, inseridos=1, atualizados=0.
26/06/2026 12:42:16 | INFO | Etapa payment_methods.detail concluida em /formas-pagamento/842509197. Extraidos=1, inseridos=1, atualizados=0.
26/06/2026 12:42:16 | INFO | Etapa payment_methods.detail concluida em /formas-pagamento/842509198. Extraidos=1, inseridos=1, atualizados=0.
26/06/2026 12:42:17 | INFO | Etapa payment_methods.detail concluida em /formas-pagamento/917619213. Extraidos=1, inseridos=1, atualizados=0.
26/06/2026 12:42:17 | INFO | Fim da entidade payment_methods. Extraidos=20, inseridos=20, atualizados=0, tempo_total=7.46s.
26/06/2026 12:42:17 | INFO | Iniciando extração da entidade receipt_methods.
26/06/2026 12:42:18 | INFO | Etapa receipt_methods.list concluida em /formas-recebimento. Extraidos=10, inseridos=10, atualizados=0.
26/06/2026 12:42:19 | INFO | Etapa receipt_methods.detail concluida em /formas-recebimento/842509189. Extraidos=1, inseridos=1, atualizados=0.
26/06/2026 12:42:20 | INFO | Etapa receipt_methods.detail concluida em /formas-recebimento/842509190. Extraidos=1, inseridos=1, atualizados=0.
26/06/2026 12:42:22 | ERROR | Falha na entidade receipt_methods.
26/06/2026 12:42:22 | ERROR | Falha na entidade receipt_methods
Traceback (most recent call last):
  File "C:\Program Files\Python312\Lib\site-packages\sqlalchemy\engine\base.py", line 1963, in _exec_single_context
    self.dialect.do_execute(
  File "C:\Program Files\Python312\Lib\site-packages\sqlalchemy\engine\default.py", line 943, in do_execute
    cursor.execute(statement, parameters)
psycopg2.errors.DeadlockDetected: deadlock detected
DETAIL:  Process 74017 waits for RowShareLock on relation 17706 of database 5; blocked by process 74008.
Process 74008 waits for ShareLock on relation 19774 of database 5; blocked by process 74017.
HINT:  See server log for query details.


The above exception was the direct cause of the following exception:

Traceback (most recent call last):
  File "C:\GitHubLocal\Albertina\backend\olist_extraction\extract.py", line 153, in run_workflow
    extracted_contexts = self._execute_step(
                         ^^^^^^^^^^^^^^^^^^^
  File "C:\GitHubLocal\Albertina\backend\olist_extraction\extract.py", line 314, in _execute_step
    page_contexts = self._persist_payloads(
                    ^^^^^^^^^^^^^^^^^^^^^^^
  File "C:\GitHubLocal\Albertina\backend\olist_extraction\extract.py", line 419, in _persist_payloads
    self._log(
  File "C:\GitHubLocal\Albertina\backend\olist_extraction\extract.py", line 452, in _log
    self.repository.append_run_log(
  File "C:\GitHubLocal\Albertina\backend\olist_extraction\load.py", line 426, in append_run_log
    connection.execute(
  File "C:\Program Files\Python312\Lib\site-packages\sqlalchemy\engine\base.py", line 1415, in execute
    return meth(
           ^^^^^
  File "C:\Program Files\Python312\Lib\site-packages\sqlalchemy\sql\elements.py", line 523, in _execute_on_connection
    return connection._execute_clauseelement(
           ^^^^^^^^^^^^^^^^^^^^^^^^^^^^^^^^^^
  File "C:\Program Files\Python312\Lib\site-packages\sqlalchemy\engine\base.py", line 1637, in _execute_clauseelement
    ret = self._execute_context(
          ^^^^^^^^^^^^^^^^^^^^^^
  File "C:\Program Files\Python312\Lib\site-packages\sqlalchemy\engine\base.py", line 1842, in _execute_context
    return self._exec_single_context(
           ^^^^^^^^^^^^^^^^^^^^^^^^^^
  File "C:\Program Files\Python312\Lib\site-packages\sqlalchemy\engine\base.py", line 1982, in _exec_single_context
    self._handle_dbapi_exception(
  File "C:\Program Files\Python312\Lib\site-packages\sqlalchemy\engine\base.py", line 2351, in _handle_dbapi_exception
    raise sqlalchemy_exception.with_traceback(exc_info[2]) from e
  File "C:\Program Files\Python312\Lib\site-packages\sqlalchemy\engine\base.py", line 1963, in _exec_single_context
    self.dialect.do_execute(
  File "C:\Program Files\Python312\Lib\site-packages\sqlalchemy\engine\default.py", line 943, in do_execute
    cursor.execute(statement, parameters)
sqlalchemy.exc.OperationalError: (psycopg2.errors.DeadlockDetected) deadlock detected
DETAIL:  Process 74017 waits for RowShareLock on relation 17706 of database 5; blocked by process 74008.
Process 74008 waits for ShareLock on relation 19774 of database 5; blocked by process 74017.
HINT:  See server log for query details.

[SQL: 
                    INSERT INTO olist_admin.sync_run_logs (
                      execution_id,
                      sync_run_id,
                      tenant_id,
                      entity_name,
                      level,
                      stage,
                      message,
                      extracted_count,
                      inserted_count,
                      updated_count,
                      error_count,
                      stack_trace
                    )
                    VALUES (
                      %(execution_id)s,
                      %(sync_run_id)s,
                      %(tenant_id)s,
                      %(entity_name)s,
                      %(level)s,
                      %(stage)s,
                      %(message)s,
                      %(extracted_count)s,
                      %(inserted_count)s,
                      %(updated_count)s,
                      %(error_count)s,
                      %(stack_trace)s
                    )
                    ]
[parameters: {'execution_id': 'b5ec0f27-d1da-4767-b1a9-688d7d0c8e29', 'sync_run_id': 'eb178d6c-8520-4eb8-b70c-49f7ea8c610f', 'tenant_id': '1dec7ba2-366a-42a9-a88b-c64b3c4f2aab', 'entity_name': 'receipt_methods', 'level': 'INFO', 'stage': 'receipt_methods.detail', 'message': 'Etapa receipt_methods.detail concluida em /formas-recebimento/842509191. Extraidos=1, inseridos=1, atualizados=0.', 'extracted_count': 1, 'inserted_count': 1, 'updated_count': 0, 'error_count': 0, 'stack_trace': None}]
(Background on this error at: https://sqlalche.me/e/20/e3q8)
26/06/2026 12:42:22 | ERROR | Fim da entidade receipt_methods. Extraidos=13, inseridos=13, atualizados=0, tempo_total=4.76s.
26/06/2026 12:42:22 | INFO | Iniciando extração da entidade shipping_methods.
26/06/2026 12:42:23 | INFO | Etapa shipping_methods.list concluida em /formas-envio. Extraidos=3, inseridos=3, atualizados=0.
26/06/2026 12:42:23 | INFO | Etapa shipping_methods.detail concluida em /formas-envio/842509199. Extraidos=1, inseridos=1, atualizados=0.
26/06/2026 12:42:24 | INFO | Etapa shipping_methods.detail concluida em /formas-envio/842509201. Extraidos=1, inseridos=1, atualizados=0.
26/06/2026 12:42:24 | INFO | Etapa shipping_methods.detail concluida em /formas-envio/842509202. Extraidos=1, inseridos=1, atualizados=0.
26/06/2026 12:42:25 | INFO | Fim da entidade shipping_methods. Extraidos=6, inseridos=6, atualizados=0, tempo_total=2.30s.
26/06/2026 12:42:25 | INFO | Iniciando extração da entidade deposits.
26/06/2026 12:42:25 | INFO | Etapa deposits.list concluida em /depositos. Extraidos=1, inseridos=1, atualizados=0.
26/06/2026 12:42:26 | INFO | Etapa deposits.detail concluida em /depositos/842509157. Extraidos=1, inseridos=1, atualizados=0.
26/06/2026 12:42:26 | INFO | Fim da entidade deposits. Extraidos=2, inseridos=2, atualizados=0, tempo_total=1.26s.
26/06/2026 12:42:26 | INFO | Iniciando extração da entidade intermediators.
26/06/2026 12:42:27 | INFO | Etapa intermediators.list concluida em /intermediadores. Extraidos=0, inseridos=0, atualizados=0.
26/06/2026 12:42:27 | INFO | Fim da entidade intermediators. Extraidos=0, inseridos=0, atualizados=0, tempo_total=0.58s.
26/06/2026 12:42:27 | INFO | Iniciando extração da entidade price_lists.
26/06/2026 12:42:28 | INFO | Etapa price_lists.list concluida em /listas-precos. Extraidos=0, inseridos=0, atualizados=0.
26/06/2026 12:42:28 | INFO | Fim da entidade price_lists. Extraidos=0, inseridos=0, atualizados=0, tempo_total=0.55s.
26/06/2026 12:42:28 | INFO | Iniciando extração da entidade services.
26/06/2026 12:42:28 | INFO | Etapa services.list concluida em /servicos. Extraidos=0, inseridos=0, atualizados=0.
26/06/2026 12:42:29 | INFO | Fim da entidade services. Extraidos=0, inseridos=0, atualizados=0, tempo_total=0.57s.
26/06/2026 12:42:29 | INFO | Iniciando extração da entidade tag_groups.
26/06/2026 12:42:29 | INFO | Etapa tag_groups.list concluida em /grupos-tags. Extraidos=1, inseridos=1, atualizados=0.
26/06/2026 12:42:30 | INFO | Fim da entidade tag_groups. Extraidos=1, inseridos=1, atualizados=0, tempo_total=0.65s.
26/06/2026 12:42:30 | INFO | Iniciando extração da entidade product_tags.
26/06/2026 12:42:30 | INFO | Etapa product_tags.list concluida em /tags. Extraidos=1, inseridos=1, atualizados=0.
26/06/2026 12:42:30 | INFO | Fim da entidade product_tags. Extraidos=1, inseridos=1, atualizados=0, tempo_total=0.62s.
26/06/2026 12:42:31 | INFO | Iniciando extração da entidade products.
26/06/2026 12:42:39 | INFO | Etapa products.list concluida em /produtos. Extraidos=100, inseridos=100, atualizados=0.
26/06/2026 12:42:48 | INFO | Etapa products.list concluida em /produtos. Extraidos=100, inseridos=100, atualizados=0.
26/06/2026 12:42:57 | INFO | Etapa products.list concluida em /produtos. Extraidos=100, inseridos=100, atualizados=0.
26/06/2026 12:43:05 | INFO | Etapa products.list concluida em /produtos. Extraidos=100, inseridos=100, atualizados=0.
26/06/2026 12:43:14 | INFO | Etapa products.list concluida em /produtos. Extraidos=100, inseridos=100, atualizados=0.
26/06/2026 12:46:18 | INFO | Iniciando extração da entidade company_info.
26/06/2026 12:46:19 | INFO | Etapa company.info concluida em /info. Extraidos=1, inseridos=0, atualizados=0.
26/06/2026 12:46:19 | INFO | Fim da entidade company_info. Extraidos=1, inseridos=0, atualizados=0, tempo_total=0.70s.
26/06/2026 12:46:19 | INFO | Iniciando extração da entidade users.
26/06/2026 12:46:21 | INFO | Etapa users.list concluida em /usuarios. Extraidos=18, inseridos=0, atualizados=0.
26/06/2026 12:46:22 | INFO | Fim da entidade users. Extraidos=18, inseridos=0, atualizados=0, tempo_total=2.10s.
26/06/2026 12:46:22 | INFO | Iniciando extração da entidade vendors.
26/06/2026 12:46:23 | INFO | Etapa vendors.list concluida em /vendedores. Extraidos=10, inseridos=0, atualizados=0.
26/06/2026 12:46:23 | INFO | Fim da entidade vendors. Extraidos=10, inseridos=0, atualizados=0, tempo_total=1.41s.
26/06/2026 12:46:23 | INFO | Iniciando extração da entidade brands.
26/06/2026 12:46:24 | INFO | Etapa brands.list concluida em /marcas. Extraidos=0, inseridos=0, atualizados=0.
26/06/2026 12:46:24 | INFO | Fim da entidade brands. Extraidos=0, inseridos=0, atualizados=0, tempo_total=0.60s.
26/06/2026 12:46:24 | INFO | Iniciando extração da entidade categories.
26/06/2026 12:46:25 | INFO | Etapa categories.tree concluida em /categorias/todas. Extraidos=0, inseridos=0, atualizados=0.
26/06/2026 12:46:25 | INFO | Fim da entidade categories. Extraidos=0, inseridos=0, atualizados=0, tempo_total=0.58s.
26/06/2026 12:46:25 | INFO | Iniciando extração da entidade revenue_expense_categories.
26/06/2026 12:46:32 | INFO | Etapa financial_categories.list concluida em /categorias-receita-despesa. Extraidos=76, inseridos=0, atualizados=0.
26/06/2026 12:46:32 | INFO | Fim da entidade revenue_expense_categories. Extraidos=76, inseridos=0, atualizados=0, tempo_total=6.97s.
26/06/2026 12:46:33 | INFO | Iniciando extração da entidade contacts.
26/06/2026 12:46:33 | INFO | Etapa contacts.types concluida em /contatos/tipos. Extraidos=4, inseridos=0, atualizados=0.
26/06/2026 12:46:38 | INFO | Execução interrompida com segurança durante a entidade contacts.
26/06/2026 12:46:38 | INFO | Execucao interrompida com seguranca na entidade contacts
26/06/2026 12:46:39 | INFO | Execução interrompida da entidade contacts. Extraidos=56, inseridos=35, atualizados=0, tempo_total=5.92s.
26/06/2026 12:47:40 | INFO | Iniciando extração da entidade company_info.
26/06/2026 12:47:40 | INFO | Etapa company.info concluida em /info. Extraidos=1, inseridos=0, atualizados=0.
26/06/2026 12:47:41 | INFO | Fim da entidade company_info. Extraidos=1, inseridos=0, atualizados=0, tempo_total=0.64s.
26/06/2026 12:47:41 | INFO | Iniciando extração da entidade users.
26/06/2026 12:47:43 | INFO | Etapa users.list concluida em /usuarios. Extraidos=18, inseridos=0, atualizados=0.
26/06/2026 12:47:43 | INFO | Fim da entidade users. Extraidos=18, inseridos=0, atualizados=0, tempo_total=2.10s.
26/06/2026 12:47:43 | INFO | Iniciando extração da entidade vendors.
26/06/2026 12:47:44 | INFO | Etapa vendors.list concluida em /vendedores. Extraidos=10, inseridos=0, atualizados=0.
26/06/2026 12:47:45 | INFO | Fim da entidade vendors. Extraidos=10, inseridos=0, atualizados=0, tempo_total=1.41s.
26/06/2026 12:47:45 | INFO | Iniciando extração da entidade brands.
26/06/2026 12:47:45 | INFO | Etapa brands.list concluida em /marcas. Extraidos=0, inseridos=0, atualizados=0.
26/06/2026 12:47:45 | INFO | Fim da entidade brands. Extraidos=0, inseridos=0, atualizados=0, tempo_total=0.53s.
26/06/2026 12:47:46 | INFO | Iniciando extração da entidade categories.
26/06/2026 12:47:46 | INFO | Etapa categories.tree concluida em /categorias/todas. Extraidos=0, inseridos=0, atualizados=0.
26/06/2026 12:47:46 | INFO | Fim da entidade categories. Extraidos=0, inseridos=0, atualizados=0, tempo_total=0.54s.
26/06/2026 12:47:46 | INFO | Iniciando extração da entidade revenue_expense_categories.
26/06/2026 12:47:53 | INFO | Etapa financial_categories.list concluida em /categorias-receita-despesa. Extraidos=76, inseridos=0, atualizados=0.
26/06/2026 12:47:53 | INFO | Fim da entidade revenue_expense_categories. Extraidos=76, inseridos=0, atualizados=0, tempo_total=6.50s.
26/06/2026 12:47:53 | INFO | Iniciando extração da entidade contacts.
26/06/2026 12:47:54 | INFO | Etapa contacts.types concluida em /contatos/tipos. Extraidos=4, inseridos=0, atualizados=0.
26/06/2026 12:48:02 | INFO | Etapa contacts.list concluida em /contatos. Extraidos=100, inseridos=48, atualizados=0.
26/06/2026 12:48:11 | INFO | Etapa contacts.list concluida em /contatos. Extraidos=100, inseridos=100, atualizados=0.
26/06/2026 12:48:19 | INFO | Etapa contacts.list concluida em /contatos. Extraidos=100, inseridos=100, atualizados=0.
26/06/2026 12:48:28 | INFO | Etapa contacts.list concluida em /contatos. Extraidos=100, inseridos=100, atualizados=0.
26/06/2026 12:48:36 | INFO | Etapa contacts.list concluida em /contatos. Extraidos=100, inseridos=100, atualizados=0.
26/06/2026 12:48:45 | INFO | Etapa contacts.list concluida em /contatos. Extraidos=100, inseridos=100, atualizados=0.
26/06/2026 12:48:53 | INFO | Etapa contacts.list concluida em /contatos. Extraidos=100, inseridos=100, atualizados=0.
26/06/2026 12:49:02 | INFO | Etapa contacts.list concluida em /contatos. Extraidos=100, inseridos=100, atualizados=0.
26/06/2026 12:49:11 | INFO | Etapa contacts.list concluida em /contatos. Extraidos=100, inseridos=100, atualizados=0.
26/06/2026 12:49:20 | INFO | Etapa contacts.list concluida em /contatos. Extraidos=100, inseridos=100, atualizados=0.
26/06/2026 12:49:28 | INFO | Etapa contacts.list concluida em /contatos. Extraidos=100, inseridos=100, atualizados=0.
26/06/2026 12:49:37 | INFO | Etapa contacts.list concluida em /contatos. Extraidos=100, inseridos=100, atualizados=0.
26/06/2026 12:49:46 | INFO | Etapa contacts.list concluida em /contatos. Extraidos=100, inseridos=100, atualizados=0.
26/06/2026 12:49:54 | INFO | Etapa contacts.list concluida em /contatos. Extraidos=100, inseridos=100, atualizados=0.
26/06/2026 12:50:03 | INFO | Etapa contacts.list concluida em /contatos. Extraidos=100, inseridos=100, atualizados=0.
26/06/2026 12:50:06 | INFO | Execução interrompida com segurança durante a entidade contacts.
26/06/2026 12:50:06 | INFO | Execucao interrompida com seguranca na entidade contacts
26/06/2026 12:50:06 | INFO | Execução interrompida da entidade contacts. Extraidos=1529, inseridos=1473, atualizados=0, tempo_total=132.72s.
26/06/2026 12:51:15 | INFO | Iniciando extração da entidade contacts.
26/06/2026 12:51:16 | INFO | Etapa contacts.types concluida em /contatos/tipos. Extraidos=4, inseridos=0, atualizados=0.
26/06/2026 12:51:17 | INFO | Etapa contacts.list concluida em /contatos. Extraidos=0, inseridos=0, atualizados=0.
26/06/2026 12:51:17 | INFO | Fim da entidade contacts. Extraidos=4, inseridos=0, atualizados=0, tempo_total=1.50s.
26/06/2026 12:56:18 | INFO | Iniciando extração da entidade company_info.
26/06/2026 12:56:18 | INFO | Etapa company.info concluida em /info. Extraidos=1, inseridos=0, atualizados=0.
26/06/2026 12:56:19 | INFO | Fim da entidade company_info. Extraidos=1, inseridos=0, atualizados=0, tempo_total=0.72s.
26/06/2026 12:56:19 | INFO | Iniciando extração da entidade users.
26/06/2026 12:56:19 | INFO | Execução interrompida com segurança durante a entidade users.
26/06/2026 12:56:19 | INFO | Execucao interrompida com seguranca na entidade users
26/06/2026 12:56:19 | INFO | Execução interrompida da entidade users. Extraidos=0, inseridos=0, atualizados=0, tempo_total=0.54s.
26/06/2026 13:16:24 | INFO | Iniciando extração da entidade company_info.
26/06/2026 13:16:24 | INFO | Etapa company.info concluida em /info. Extraidos=1, inseridos=0, atualizados=0.
26/06/2026 13:16:24 | INFO | Fim da entidade company_info. Extraidos=1, inseridos=0, atualizados=0, tempo_total=0.69s.
26/06/2026 13:16:24 | INFO | Iniciando extração da entidade users.
26/06/2026 13:16:25 | INFO | Etapa users.list concluida em /usuarios. Extraidos=18, inseridos=0, atualizados=0.
26/06/2026 13:16:26 | INFO | Fim da entidade users. Extraidos=18, inseridos=0, atualizados=0, tempo_total=1.09s.
26/06/2026 13:16:26 | INFO | Iniciando extração da entidade vendors.
26/06/2026 13:16:27 | INFO | Etapa vendors.list concluida em /vendedores. Extraidos=10, inseridos=0, atualizados=0.
26/06/2026 13:16:27 | INFO | Fim da entidade vendors. Extraidos=10, inseridos=0, atualizados=0, tempo_total=0.95s.
26/06/2026 13:16:27 | INFO | Iniciando extração da entidade brands.
26/06/2026 13:16:27 | INFO | Etapa brands.list concluida em /marcas. Extraidos=0, inseridos=0, atualizados=0.
26/06/2026 13:16:28 | INFO | Fim da entidade brands. Extraidos=0, inseridos=0, atualizados=0, tempo_total=0.56s.
26/06/2026 13:16:28 | INFO | Iniciando extração da entidade categories.
26/06/2026 13:16:28 | INFO | Etapa categories.tree concluida em /categorias/todas. Extraidos=0, inseridos=0, atualizados=0.
26/06/2026 13:16:28 | INFO | Fim da entidade categories. Extraidos=0, inseridos=0, atualizados=0, tempo_total=0.56s.
26/06/2026 13:16:29 | INFO | Iniciando extração da entidade revenue_expense_categories.
26/06/2026 13:16:31 | INFO | Etapa financial_categories.list concluida em /categorias-receita-despesa. Extraidos=76, inseridos=0, atualizados=0.
26/06/2026 13:16:31 | INFO | Fim da entidade revenue_expense_categories. Extraidos=76, inseridos=0, atualizados=0, tempo_total=2.76s.
26/06/2026 13:16:32 | INFO | Iniciando extração da entidade contacts.
26/06/2026 13:16:32 | INFO | Etapa contacts.types concluida em /contatos/tipos. Extraidos=4, inseridos=0, atualizados=0.
26/06/2026 13:16:33 | INFO | Etapa contacts.list concluida em /contatos. Extraidos=0, inseridos=0, atualizados=0.
26/06/2026 13:16:33 | INFO | Fim da entidade contacts. Extraidos=4, inseridos=0, atualizados=0, tempo_total=1.31s.
26/06/2026 13:16:33 | INFO | Iniciando extração da entidade payment_methods.
26/06/2026 13:16:34 | INFO | Etapa payment_methods.list concluida em /formas-pagamento. Extraidos=10, inseridos=0, atualizados=0.
26/06/2026 13:16:34 | INFO | Etapa payment_methods.detail concluida em /formas-pagamento/842509189. Extraidos=1, inseridos=0, atualizados=0.
26/06/2026 13:16:35 | INFO | Execução interrompida com segurança durante a entidade payment_methods.
26/06/2026 13:16:35 | INFO | Execucao interrompida com seguranca na entidade payment_methods
26/06/2026 13:16:35 | INFO | Execução interrompida da entidade payment_methods. Extraidos=11, inseridos=0, atualizados=0, tempo_total=2.05s.
26/06/2026 13:16:59 | INFO | Iniciando extração da entidade contacts.
26/06/2026 13:17:00 | INFO | Etapa contacts.types concluida em /contatos/tipos. Extraidos=4, inseridos=0, atualizados=0.
26/06/2026 13:17:01 | INFO | Etapa contacts.list concluida em /contatos. Extraidos=0, inseridos=0, atualizados=0.
26/06/2026 13:17:01 | INFO | Fim da entidade contacts. Extraidos=4, inseridos=0, atualizados=0, tempo_total=1.46s.
26/06/2026 13:17:25 | INFO | Iniciando extração da entidade contacts.
26/06/2026 13:17:25 | INFO | Etapa contacts.types concluida em /contatos/tipos. Extraidos=4, inseridos=0, atualizados=0.
26/06/2026 13:17:26 | INFO | Execução interrompida com segurança durante a entidade contacts.
26/06/2026 13:17:26 | INFO | Execucao interrompida com seguranca na entidade contacts
26/06/2026 13:17:27 | INFO | Execução interrompida da entidade contacts. Extraidos=18, inseridos=0, atualizados=0, tempo_total=1.95s.
